// Jest Snapshot v1, https://goo.gl/fbAQLP

exports[`resource created 1`] = `
Object {
  "Resources": Object {
    "HostedZoneDB99F866": Object {
      "Properties": Object {
        "HostedZoneConfig": Object {
          "Comment": "created by cdk",
        },
        "Name": "test.",
      },
      "Type": "AWS::Route53::HostedZone",
    },
    "VercelARecord89A76128": Object {
      "Properties": Object {
        "HostedZoneId": Object {
          "Ref": "HostedZoneDB99F866",
        },
        "Name": "test.",
        "ResourceRecords": Array [
          "76.76.21.21",
        ],
        "TTL": "1800",
        "Type": "A",
      },
      "Type": "AWS::Route53::RecordSet",
    },
    "VercelCNAMERecordE66B48C8": Object {
      "Properties": Object {
        "HostedZoneId": Object {
          "Ref": "HostedZoneDB99F866",
        },
        "Name": "www.test.",
        "ResourceRecords": Array [
          "cname.vercel-dns.com",
        ],
        "TTL": "1800",
        "Type": "CNAME",
      },
      "Type": "AWS::Route53::RecordSet",
    },
    "VercelDevCNAMERecordFA0135A9": Object {
      "Properties": Object {
        "HostedZoneId": Object {
          "Ref": "HostedZoneDB99F866",
        },
        "Name": "dev.test.",
        "ResourceRecords": Array [
          "cname.vercel-dns.com",
        ],
        "TTL": "1800",
        "Type": "CNAME",
      },
      "Type": "AWS::Route53::RecordSet",
    },
  },
}
`;
